0 verbose cli /usr/local/bin/node /usr/local/bin/npm
1 info using npm@10.9.0
2 info using node@v21.7.3
3 silly config load:file:/usr/local/lib/node_modules/npm/npmrc
4 silly config load:file:/home/container/.npmrc
5 silly config load:file:/usr/local/etc/npmrc
6 verbose title npm install
7 verbose argv "install"
8 verbose logfile logs-max:10 dir:/home/container/.npm/_logs/2024-11-20T15_35_55_293Z-
9 verbose logfile /home/container/.npm/_logs/2024-11-20T15_35_55_293Z-debug-0.log
10 silly logfile start cleaning logs, removing 1 files
11 silly packumentCache heap:524812288 maxSize:131203072 maxEntrySize:65601536
12 silly logfile done cleaning log files
13 silly idealTree buildDeps
14 silly reify moves {}
15 silly audit bulk request {
15 silly audit   '@discordjs/builders': [ '1.7.0' ],
15 silly audit   '@discordjs/util': [ '1.0.2', '0.3.1' ],
15 silly audit   'discord-api-types': [ '0.37.61', '0.37.83' ],
15 silly audit   '@discordjs/collection': [ '1.5.3', '2.0.0', '0.1.6' ],
15 silly audit   '@discordjs/form-data': [ '3.0.1' ],
15 silly audit   '@discordjs/formatters': [ '0.3.3' ],
15 silly audit   '@discordjs/rest': [ '1.7.1', '2.2.0' ],
15 silly audit   '@discordjs/voice': [ '0.17.0' ],
15 silly audit   '@types/ws': [ '8.5.10', '8.5.9' ],
15 silly audit   ws: [ '8.17.1', '7.5.9', '8.14.2' ],
15 silly audit   '@discordjs/ws': [ '1.0.2' ],
15 silly audit   undici: [ '5.27.2', '5.28.4' ],
15 silly audit   '@distube/ytdl-core': [ '4.15.1' ],
15 silly audit   'agent-base': [ '7.1.1', '6.0.2' ],
15 silly audit   'http-cookie-agent': [ '6.0.6' ],
15 silly audit   'tough-cookie': [ '4.1.4', '2.5.0' ],
15 silly audit   '@emnapi/runtime': [ '1.2.0' ],
15 silly audit   '@fastify/busboy': [ '2.1.1' ],
15 silly audit   '@img/sharp-darwin-arm64': [ '0.33.4' ],
15 silly audit   '@img/sharp-darwin-x64': [ '0.33.4' ],
15 silly audit   '@img/sharp-libvips-darwin-arm64': [ '1.0.2' ],
15 silly audit   '@img/sharp-libvips-darwin-x64': [ '1.0.2' ],
15 silly audit   '@img/sharp-libvips-linux-arm': [ '1.0.2' ],
15 silly audit   '@img/sharp-libvips-linux-arm64': [ '1.0.2' ],
15 silly audit   '@img/sharp-libvips-linux-s390x': [ '1.0.2' ],
15 silly audit   '@img/sharp-libvips-linux-x64': [ '1.0.2' ],
15 silly audit   '@img/sharp-libvips-linuxmusl-arm64': [ '1.0.2' ],
15 silly audit   '@img/sharp-libvips-linuxmusl-x64': [ '1.0.2' ],
15 silly audit   '@img/sharp-linux-arm': [ '0.33.4' ],
15 silly audit   '@img/sharp-linux-arm64': [ '0.33.4' ],
15 silly audit   '@img/sharp-linux-s390x': [ '0.33.4' ],
15 silly audit   '@img/sharp-linux-x64': [ '0.33.4' ],
15 silly audit   '@img/sharp-linuxmusl-arm64': [ '0.33.4' ],
15 silly audit   '@img/sharp-linuxmusl-x64': [ '0.33.4' ],
15 silly audit   '@img/sharp-wasm32': [ '0.33.4' ],
15 silly audit   '@img/sharp-win32-ia32': [ '0.33.4' ],
15 silly audit   '@img/sharp-win32-x64': [ '0.33.4' ],
15 silly audit   '@mapbox/node-pre-gyp': [ '1.0.11' ],
15 silly audit   'node-fetch': [ '2.7.0', '3.3.2' ],
15 silly audit   '@sapphire/async-queue': [ '1.5.2' ],
15 silly audit   '@sapphire/shapeshift': [ '3.9.7' ],
15 silly audit   '@sapphire/snowflake': [ '3.5.3', '3.5.1' ],
15 silly audit   '@tokenizer/token': [ '0.3.0' ],
15 silly audit   '@types/node': [ '20.12.7' ],
15 silly audit   '@vladfrangu/async_event_emitter': [ '2.2.4' ],
15 silly audit   abbrev: [ '1.1.1', '3.0.0', '2.0.0' ],
15 silly audit   'abort-controller': [ '3.0.0' ],
15 silly audit   ajv: [ '6.12.6' ],
15 silly audit   'ansi-regex': [ '5.0.1', '6.0.1' ],
15 silly audit   aproba: [ '2.0.0' ],
15 silly audit   'are-we-there-yet': [ '2.0.0' ],
15 silly audit   asn1: [ '0.2.6' ],
15 silly audit   'assert-plus': [ '1.0.0' ],
15 silly audit   asynckit: [ '0.4.0' ],
15 silly audit   'aws-sign2': [ '0.7.0' ],
15 silly audit   aws4: [ '1.12.0' ],
15 silly audit   axios: [ '1.7.2', '0.21.4' ],
15 silly audit   'form-data': [ '4.0.0', '2.3.3' ],
15 silly audit   'balanced-match': [ '1.0.2' ],
15 silly audit   'bcrypt-pbkdf': [ '1.0.2' ],
15 silly audit   'brace-expansion': [ '1.1.11', '2.0.1' ],
15 silly audit   canvas: [ '2.11.2' ],
15 silly audit   caseless: [ '0.12.0' ],
15 silly audit   chownr: [ '2.0.0', '3.0.0' ],
15 silly audit   color: [ '4.2.3' ],
15 silly audit   'color-convert': [ '2.0.1' ],
15 silly audit   'color-name': [ '1.1.4' ],
15 silly audit   'color-string': [ '1.9.1' ],
15 silly audit   'color-support': [ '1.1.3' ],
15 silly audit   'combined-stream': [ '1.0.8' ],
15 silly audit   'concat-map': [ '0.0.1' ],
15 silly audit   'console-control-strings': [ '1.1.0' ],
15 silly audit   'core-util-is': [ '1.0.2' ],
15 silly audit   croxydb: [ '0.0.7' ],
15 silly audit   dashdash: [ '1.14.1' ],
15 silly audit   'data-uri-to-buffer': [ '4.0.1' ],
15 silly audit   debug: [ '4.3.7', '4.3.6' ],
15 silly audit   'decompress-response': [ '4.2.1' ],
15 silly audit   'delayed-stream': [ '1.0.0' ],
15 silly audit   delegates: [ '1.0.0' ],
15 silly audit   'detect-libc': [ '2.0.3' ],
15 silly audit   'discord-banners': [ '1.0.1' ],
15 silly audit   'discord.js': [ '12.5.3', '14.14.1' ],
15 silly audit   tweetnacl: [ '1.0.3', '0.14.5' ],
15 silly audit   'ecc-jsbn': [ '0.1.2' ],
15 silly audit   'emoji-regex': [ '8.0.0', '9.2.2' ],
15 silly audit   'event-target-shim': [ '5.0.1' ],
15 silly audit   extend: [ '3.0.2' ],
15 silly audit   extsprintf: [ '1.3.0' ],
15 silly audit   'fast-deep-equal': [ '3.1.3' ],
15 silly audit   'fast-json-stable-stringify': [ '2.1.0' ],
15 silly audit   'fetch-blob': [ '3.2.0' ],
15 silly audit   'file-type': [ '18.7.0' ],
15 silly audit   'follow-redirects': [ '1.15.6' ],
15 silly audit   'forever-agent': [ '0.6.1' ],
15 silly audit   'formdata-polyfill': [ '4.0.10' ],
15 silly audit   'fs-minipass': [ '2.1.0', '3.0.3' ],
15 silly audit   minipass: [ '3.3.6', '5.0.0', '7.1.2' ],
15 silly audit   'fs.realpath': [ '1.0.0' ],
15 silly audit   gauge: [ '3.0.2' ],
15 silly audit   getpass: [ '0.1.7' ],
15 silly audit   glob: [ '7.2.3', '10.4.5' ],
15 silly audit   'google-tts-api': [ '2.0.2' ],
15 silly audit   'har-schema': [ '2.0.0' ],
15 silly audit   'har-validator': [ '5.1.5' ],
15 silly audit   'has-unicode': [ '2.0.1' ],
15 silly audit   'http-signature': [ '1.2.0' ],
15 silly audit   'https-proxy-agent': [ '5.0.1', '7.0.5' ],
15 silly audit   ieee754: [ '1.2.1' ],
15 silly audit   inflight: [ '1.0.6' ],
15 silly audit   inherits: [ '2.0.4' ],
15 silly audit   install: [ '0.13.0' ],
15 silly audit   'is-arrayish': [ '0.3.2' ],
15 silly audit   'is-fullwidth-code-point': [ '3.0.0' ],
15 silly audit   'is-typedarray': [ '1.0.0' ],
15 silly audit   isstream: [ '0.1.2' ],
15 silly audit   jsbn: [ '0.1.1', '1.1.0' ],
15 silly audit   'json-schema': [ '0.4.0' ],
15 silly audit   'json-schema-traverse': [ '0.4.1' ],
15 silly audit   'json-stringify-safe': [ '5.0.1' ],
15 silly audit   jsprim: [ '1.4.2' ],
15 silly audit   lodash: [ '4.17.21' ],
15 silly audit   'lodash.snakecase': [ '4.1.1' ],
15 silly audit   lowdb: [ '7.0.1' ],
15 silly audit   'lru-cache': [ '6.0.0', '10.4.3' ],
15 silly audit   m3u8stream: [ '0.8.6' ],
15 silly audit   'magic-bytes.js': [ '1.10.0' ],
15 silly audit   'make-dir': [ '3.1.0' ],
15 silly audit   semver: [ '6.3.1', '7.6.0', '7.6.3' ],
15 silly audit   'mime-db': [ '1.52.0' ],
15 silly audit   'mime-types': [ '2.1.35' ],
15 silly audit   'mimic-response': [ '2.1.0' ],
15 silly audit   'minecraft-motd-util': [ '1.1.12' ],
15 silly audit   'minecraft-server-util': [ '5.4.4' ],
15 silly audit   miniget: [ '4.2.3' ],
15 silly audit   minimatch: [ '3.1.2', '9.0.5' ],
15 silly audit   minizlib: [ '2.1.2', '3.0.1' ],
15 silly audit   mkdirp: [ '1.0.4', '3.0.1' ],
15 silly audit   moment: [ '2.30.1' ],
15 silly audit   'moment-duration-format': [ '2.3.2' ],
15 silly audit   ms: [ '2.1.3', '2.1.2' ],
15 silly audit   nan: [ '2.22.0' ],
15 silly audit   'node-cron': [ '3.0.3' ],
15 silly audit   uuid: [ '8.3.2', '3.4.0' ],
15 silly audit   'node-domexception': [ '1.0.0' ],
15 silly audit   nopt: [ '5.0.0', '7.2.1', '8.0.0' ],
15 silly audit   npm: [ '10.9.0' ],
15 silly audit   'string-width': [ '4.2.3', '5.1.2' ],
15 silly audit   'strip-ansi': [ '6.0.1', '7.1.0' ],
15 silly audit   '@npmcli/agent': [ '3.0.0', '2.2.2' ],
15 silly audit   '@npmcli/fs': [ '4.0.0', '3.1.1' ],
15 silly audit   cacache: [ '18.0.4', '19.0.1' ],
15 silly audit   'make-fetch-happen': [ '13.0.1', '14.0.1' ],
15 silly audit   'minipass-fetch': [ '3.0.5', '4.0.0' ],
15 silly audit   'proc-log': [ '4.2.0', '5.0.0' ],
15 silly audit   ssri: [ '10.0.6', '12.0.0' ],
15 silly audit   'unique-filename': [ '3.0.0', '4.0.0' ],
15 silly audit   'unique-slug': [ '4.0.0', '5.0.0' ],
15 silly audit   'ansi-styles': [ '6.2.1', '4.3.0' ],
15 silly audit   'p-map': [ '7.0.2', '4.0.0' ],
15 silly audit   tar: [ '6.2.1', '7.4.3' ],
15 silly audit   yallist: [ '4.0.0', '5.0.0' ],
15 silly audit   which: [ '2.0.2', '4.0.0', '5.0.0' ],
15 silly audit   isexe: [ '2.0.0', '3.1.1' ],
15 silly audit   rimraf: [ '3.0.2', '5.0.10' ],
15 silly audit   'safer-buffer': [ '2.1.2' ],
15 silly audit   'signal-exit': [ '3.0.7', '4.1.0' ],
15 silly audit   'spdx-expression-parse': [ '3.0.1', '4.0.0' ],
15 silly audit   'util-deprecate': [ '1.0.2' ],
15 silly audit   'wrap-ansi': [ '8.1.0', '7.0.0' ],
15 silly audit   npmlog: [ '5.0.1' ],
15 silly audit   'oauth-sign': [ '0.9.0' ],
15 silly audit   'object-assign': [ '4.1.1' ],
15 silly audit   once: [ '1.4.0' ],
15 silly audit   os: [ '0.1.2' ],
15 silly audit   'path-is-absolute': [ '1.0.1' ],
15 silly audit   'peek-readable': [ '5.0.0' ],
15 silly audit   'performance-now': [ '2.1.0' ],
15 silly audit   'prism-media': [ '1.3.5' ],
15 silly audit   'proxy-from-env': [ '1.1.0' ],
15 silly audit   psl: [ '1.9.0' ],
15 silly audit   punycode: [ '2.3.1' ],
15 silly audit   qs: [ '6.5.3' ],
15 silly audit   querystringify: [ '2.2.0' ],
15 silly audit   quickdb: [ '1.0.5' ],
15 silly audit   'random-anime': [ '1.0.6' ],
15 silly audit   'readable-stream': [ '3.6.2' ],
15 silly audit   'readable-web-to-node-stream': [ '3.0.2' ],
15 silly audit   request: [ '2.88.2' ],
15 silly audit   'requires-port': [ '1.0.0' ],
15 silly audit   'rhino-ms': [ '0.4.0' ],
15 silly audit   'safe-buffer': [ '5.2.1' ],
15 silly audit   sax: [ '1.4.1' ],
15 silly audit   'set-blocking': [ '2.0.0' ],
15 silly audit   setimmediate: [ '1.0.5' ],
15 silly audit   sharp: [ '0.33.4' ],
15 silly audit   'simple-concat': [ '1.0.1' ],
15 silly audit   'simple-get': [ '3.1.1' ],
15 silly audit   'simple-swizzle': [ '0.2.2' ],
15 silly audit   sshpk: [ '1.18.0' ],
15 silly audit   steno: [ '4.0.2' ],
15 silly audit   string_decoder: [ '1.3.0' ],
15 silly audit   strtok3: [ '7.0.0' ],
15 silly audit   'token-types': [ '5.0.1' ],
15 silly audit   tr46: [ '0.0.3' ],
15 silly audit   'ts-mixer': [ '6.0.4' ],
15 silly audit   tslib: [ '2.6.2' ],
15 silly audit   'tunnel-agent': [ '0.6.0' ],
15 silly audit   'undici-types': [ '5.26.5' ],
15 silly audit   universalify: [ '0.2.0' ],
15 silly audit   'uri-js': [ '4.4.1' ],
15 silly audit   'url-parse': [ '1.5.10' ],
15 silly audit   verror: [ '1.10.0' ],
15 silly audit   'web-streams-polyfill': [ '3.3.3' ],
15 silly audit   'webidl-conversions': [ '3.0.1' ],
15 silly audit   'whatwg-url': [ '5.0.0' ],
15 silly audit   'wide-align': [ '1.1.5' ],
15 silly audit   wrappy: [ '1.0.2' ],
15 silly audit   '@isaacs/cliui': [ '8.0.2' ],
15 silly audit   '@isaacs/fs-minipass': [ '4.0.1' ],
15 silly audit   '@isaacs/string-locale-compare': [ '1.1.0' ],
15 silly audit   '@npmcli/arborist': [ '8.0.0' ],
15 silly audit   '@npmcli/config': [ '9.0.0' ],
15 silly audit   '@npmcli/git': [ '6.0.1' ],
15 silly audit   '@npmcli/installed-package-contents': [ '3.0.0' ],
15 silly audit   '@npmcli/map-workspaces': [ '4.0.1' ],
15 silly audit   '@npmcli/metavuln-calculator': [ '8.0.0' ],
15 silly audit   '@npmcli/name-from-folder': [ '3.0.0' ],
15 silly audit   '@npmcli/node-gyp': [ '4.0.0' ],
15 silly audit   '@npmcli/package-json': [ '6.0.1' ],
15 silly audit   '@npmcli/promise-spawn': [ '8.0.1' ],
15 silly audit   '@npmcli/query': [ '4.0.0' ],
15 silly audit   '@npmcli/redact': [ '3.0.0' ],
15 silly audit   '@npmcli/run-script': [ '9.0.1' ],
15 silly audit   '@pkgjs/parseargs': [ '0.11.0' ],
15 silly audit   '@sigstore/bundle': [ '2.3.2' ],
15 silly audit   '@sigstore/core': [ '1.1.0' ],
15 silly audit   '@sigstore/protobuf-specs': [ '0.3.2' ],
15 silly audit   '@sigstore/sign': [ '2.3.2' ],
15 silly audit   '@sigstore/tuf': [ '2.3.4' ],
15 silly audit   '@sigstore/verify': [ '1.2.1' ],
15 silly audit   '@tufjs/canonical-json': [ '2.0.0' ],
15 silly audit   '@tufjs/models': [ '2.0.1' ],
15 silly audit   'aggregate-error': [ '3.1.0' ],
15 silly audit   archy: [ '1.0.0' ],
15 silly audit   'bin-links': [ '5.0.0' ],
15 silly audit   'binary-extensions': [ '2.3.0' ],
15 silly audit   chalk: [ '5.3.0' ],
15 silly audit   'ci-info': [ '4.0.0' ],
15 silly audit   'cidr-regex': [ '4.1.1' ],
15 silly audit   'clean-stack': [ '2.2.0' ],
15 silly audit   'cli-columns': [ '4.0.0' ],
15 silly audit   'cmd-shim': [ '7.0.0' ],
15 silly audit   'common-ancestor-path': [ '1.0.1' ],
15 silly audit   'cross-spawn': [ '7.0.3' ],
15 silly audit   cssesc: [ '3.0.0' ],
15 silly audit   diff: [ '5.2.0' ],
15 silly audit   eastasianwidth: [ '0.2.0' ],
15 silly audit   encoding: [ '0.1.13' ],
15 silly audit   'env-paths': [ '2.2.1' ],
15 silly audit   'err-code': [ '2.0.3' ],
15 silly audit   'exponential-backoff': [ '3.1.1' ],
15 silly audit   'fastest-levenshtein': [ '1.0.16' ],
15 silly audit   'foreground-child': [ '3.3.0' ],
15 silly audit   'graceful-fs': [ '4.2.11' ],
15 silly audit   'hosted-git-info': [ '8.0.0' ],
15 silly audit   'http-cache-semantics': [ '4.1.1' ],
15 silly audit   'http-proxy-agent': [ '7.0.2' ],
15 silly audit   'iconv-lite': [ '0.6.3' ],
15 silly audit   'ignore-walk': [ '7.0.0' ],
15 silly audit   imurmurhash: [ '0.1.4' ],
15 silly audit   'indent-string': [ '4.0.0' ],
15 silly audit   ini: [ '5.0.0' ],
15 silly audit   'init-package-json': [ '7.0.1' ],
15 silly audit   'ip-address': [ '9.0.5' ],
15 silly audit   'ip-regex': [ '5.0.0' ],
15 silly audit   'is-cidr': [ '5.1.0' ],
15 silly audit   'is-lambda': [ '1.0.1' ],
15 silly audit   jackspeak: [ '3.4.3' ],
15 silly audit   'json-parse-even-better-errors': [ '4.0.0' ],
15 silly audit   'json-stringify-nice': [ '1.1.4' ],
15 silly audit   jsonparse: [ '1.3.1' ],
15 silly audit   'just-diff': [ '6.0.2' ],
15 silly audit   'just-diff-apply': [ '5.5.0' ],
15 silly audit   libnpmaccess: [ '9.0.0' ],
15 silly audit   libnpmdiff: [ '7.0.0' ],
15 silly audit   libnpmexec: [ '9.0.0' ],
15 silly audit   libnpmfund: [ '6.0.0' ],
15 silly audit   libnpmhook: [ '11.0.0' ],
15 silly audit   libnpmorg: [ '7.0.0' ],
15 silly audit   libnpmpack: [ '8.0.0' ],
15 silly audit   libnpmpublish: [ '10.0.0' ],
15 silly audit   libnpmsearch: [ '8.0.0' ],
15 silly audit   libnpmteam: [ '7.0.0' ],
15 silly audit   libnpmversion: [ '7.0.0' ],
15 silly audit   'minipass-collect': [ '2.0.1' ],
15 silly audit   'minipass-flush': [ '1.0.5' ],
15 silly audit   'minipass-pipeline': [ '1.2.4' ],
15 silly audit   'minipass-sized': [ '1.0.3' ],
15 silly audit   'mute-stream': [ '2.0.0' ],
15 silly audit   negotiator: [ '0.6.3' ],
15 silly audit   'node-gyp': [ '10.2.0' ],
15 silly audit   'normalize-package-data': [ '7.0.0' ],
15 silly audit   'npm-audit-report': [ '6.0.0' ],
15 silly audit   'npm-bundled': [ '4.0.0' ],
15 silly audit   'npm-install-checks': [ '7.1.0' ],
15 silly audit   'npm-normalize-package-bin': [ '4.0.0' ],
15 silly audit   'npm-package-arg': [ '12.0.0' ],
15 silly audit   'npm-packlist': [ '9.0.0' ],
15 silly audit   'npm-pick-manifest': [ '10.0.0' ],
15 silly audit   'npm-profile': [ '11.0.1' ],
15 silly audit   'npm-registry-fetch': [ '18.0.1' ],
15 silly audit   'npm-user-validate': [ '3.0.0' ],
15 silly audit   'package-json-from-dist': [ '1.0.0' ],
15 silly audit   pacote: [ '19.0.0' ],
15 silly audit   'parse-conflict-json': [ '4.0.0' ],
15 silly audit   'path-key': [ '3.1.1' ],
15 silly audit   'path-scurry': [ '1.11.1' ],
15 silly audit   'postcss-selector-parser': [ '6.1.2' ],
15 silly audit   proggy: [ '3.0.0' ],
15 silly audit   'promise-all-reject-late': [ '1.0.1' ],
15 silly audit   'promise-call-limit': [ '3.0.1' ],
15 silly audit   'promise-inflight': [ '1.0.1' ],
15 silly audit   'promise-retry': [ '2.0.1' ],
15 silly audit   promzard: [ '2.0.0' ],
15 silly audit   'qrcode-terminal': [ '0.12.0' ],
15 silly audit   read: [ '4.0.0' ],
15 silly audit   'read-cmd-shim': [ '5.0.0' ],
15 silly audit   'read-package-json-fast': [ '4.0.0' ],
15 silly audit   retry: [ '0.12.0' ],
15 silly audit   'shebang-command': [ '2.0.0' ],
15 silly audit   'shebang-regex': [ '3.0.0' ],
15 silly audit   sigstore: [ '2.3.1' ],
15 silly audit   'smart-buffer': [ '4.2.0' ],
15 silly audit   socks: [ '2.8.3' ],
15 silly audit   'socks-proxy-agent': [ '8.0.4' ],
15 silly audit   'spdx-correct': [ '3.2.0' ],
15 silly audit   'spdx-exceptions': [ '2.5.0' ],
15 silly audit   'spdx-license-ids': [ '3.0.18' ],
15 silly audit   'sprintf-js': [ '1.1.3' ],
15 silly audit   'supports-color': [ '9.4.0' ],
15 silly audit   'text-table': [ '0.2.0' ],
15 silly audit   'tiny-relative-date': [ '1.3.0' ],
15 silly audit   treeverse: [ '3.0.0' ],
15 silly audit   'tuf-js': [ '2.2.1' ],
15 silly audit   'validate-npm-package-license': [ '3.0.4' ],
15 silly audit   'validate-npm-package-name': [ '6.0.0' ],
15 silly audit   'walk-up-path': [ '3.0.1' ],
15 silly audit   'write-file-atomic': [ '6.0.0' ]
15 silly audit }
16 verbose reify failed optional dependency /home/container/node_modules/@img/sharp-win32-x64
17 silly reify mark deleted [ '/home/container/node_modules/@img/sharp-win32-x64' ]
18 verbose reify failed optional dependency /home/container/node_modules/@img/sharp-win32-ia32
19 silly reify mark deleted [ '/home/container/node_modules/@img/sharp-win32-ia32' ]
20 verbose reify failed optional dependency /home/container/node_modules/@img/sharp-wasm32
21 silly reify mark deleted [ '/home/container/node_modules/@img/sharp-wasm32' ]
22 verbose reify failed optional dependency /home/container/node_modules/@emnapi/runtime
23 silly reify mark deleted [ '/home/container/node_modules/@emnapi/runtime' ]
24 verbose reify failed optional dependency /home/container/node_modules/@img/sharp-linuxmusl-arm64
25 silly reify mark deleted [ '/home/container/node_modules/@img/sharp-linuxmusl-arm64' ]
26 verbose reify failed optional dependency /home/container/node_modules/@img/sharp-linux-s390x
27 silly reify mark deleted [ '/home/container/node_modules/@img/sharp-linux-s390x' ]
28 verbose reify failed optional dependency /home/container/node_modules/@img/sharp-linux-arm64
29 silly reify mark deleted [ '/home/container/node_modules/@img/sharp-linux-arm64' ]
30 verbose reify failed optional dependency /home/container/node_modules/@img/sharp-linux-arm
31 silly reify mark deleted [ '/home/container/node_modules/@img/sharp-linux-arm' ]
32 verbose reify failed optional dependency /home/container/node_modules/@img/sharp-libvips-linuxmusl-arm64
33 silly reify mark deleted [ '/home/container/node_modules/@img/sharp-libvips-linuxmusl-arm64' ]
34 verbose reify failed optional dependency /home/container/node_modules/@img/sharp-libvips-linux-s390x
35 silly reify mark deleted [ '/home/container/node_modules/@img/sharp-libvips-linux-s390x' ]
36 verbose reify failed optional dependency /home/container/node_modules/@img/sharp-libvips-linux-arm64
37 silly reify mark deleted [ '/home/container/node_modules/@img/sharp-libvips-linux-arm64' ]
38 verbose reify failed optional dependency /home/container/node_modules/@img/sharp-libvips-linux-arm
39 silly reify mark deleted [ '/home/container/node_modules/@img/sharp-libvips-linux-arm' ]
40 verbose reify failed optional dependency /home/container/node_modules/@img/sharp-libvips-darwin-x64
41 silly reify mark deleted [ '/home/container/node_modules/@img/sharp-libvips-darwin-x64' ]
42 verbose reify failed optional dependency /home/container/node_modules/@img/sharp-libvips-darwin-arm64
43 silly reify mark deleted [ '/home/container/node_modules/@img/sharp-libvips-darwin-arm64' ]
44 verbose reify failed optional dependency /home/container/node_modules/@img/sharp-darwin-x64
45 silly reify mark deleted [ '/home/container/node_modules/@img/sharp-darwin-x64' ]
46 verbose reify failed optional dependency /home/container/node_modules/@img/sharp-darwin-arm64
47 silly reify mark deleted [ '/home/container/node_modules/@img/sharp-darwin-arm64' ]
48 http fetch POST 200 https://registry.npmjs.org/-/npm/v1/security/advisories/bulk 1640ms
49 silly audit report {
49 silly audit report   ws: [
49 silly audit report     {
49 silly audit report       id: 1098393,
49 silly audit report       url: 'https://github.com/advisories/GHSA-3h5v-q93c-6h6q',
49 silly audit report       title: 'ws affected by a DoS when handling a request with many HTTP headers',
49 silly audit report       severity: 'high',
49 silly audit report       vulnerable_versions: '>=7.0.0 <7.5.10',
49 silly audit report       cwe: [Array],
49 silly audit report       cvss: [Object]
49 silly audit report     },
49 silly audit report     {
49 silly audit report       id: 1098392,
49 silly audit report       url: 'https://github.com/advisories/GHSA-3h5v-q93c-6h6q',
49 silly audit report       title: 'ws affected by a DoS when handling a request with many HTTP headers',
49 silly audit report       severity: 'high',
49 silly audit report       vulnerable_versions: '>=8.0.0 <8.17.1',
49 silly audit report       cwe: [Array],
49 silly audit report       cvss: [Object]
49 silly audit report     }
49 silly audit report   ],
49 silly audit report   undici: [
49 silly audit report     {
49 silly audit report       id: 1097109,
49 silly audit report       url: 'https://github.com/advisories/GHSA-m4v8-wqvr-p9f7',
49 silly audit report       title: "Undici's Proxy-Authorization header not cleared on cross-origin redirect for dispatch, request, stream, pipeline",
49 silly audit report       severity: 'low',
49 silly audit report       vulnerable_versions: '<5.28.4',
49 silly audit report       cwe: [Array],
49 silly audit report       cvss: [Object]
49 silly audit report     },
49 silly audit report     {
49 silly audit report       id: 1097200,
49 silly audit report       url: 'https://github.com/advisories/GHSA-9qxr-qj54-h672',
49 silly audit report       title: "Undici's fetch with integrity option is too lax when algorithm is specified but hash value is in incorrect",
49 silly audit report       severity: 'low',
49 silly audit report       vulnerable_versions: '<5.28.4',
49 silly audit report       cwe: [Array],
49 silly audit report       cvss: [Object]
49 silly audit report     },
49 silly audit report     {
49 silly audit report       id: 1097221,
49 silly audit report       url: 'https://github.com/advisories/GHSA-3787-6prv-h9w3',
49 silly audit report       title: 'Undici proxy-authorization header not cleared on cross-origin redirect in fetch',
49 silly audit report       severity: 'low',
49 silly audit report       vulnerable_versions: '<=5.28.2',
49 silly audit report       cwe: [Array],
49 silly audit report       cvss: [Object]
49 silly audit report     }
49 silly audit report   ],
49 silly audit report   'tough-cookie': [
49 silly audit report     {
49 silly audit report       id: 1097682,
49 silly audit report       url: 'https://github.com/advisories/GHSA-72xf-g2v4-qvf3',
49 silly audit report       title: 'tough-cookie Prototype Pollution vulnerability',
49 silly audit report       severity: 'moderate',
49 silly audit report       vulnerable_versions: '<4.1.3',
49 silly audit report       cwe: [Array],
49 silly audit report       cvss: [Object]
49 silly audit report     }
49 silly audit report   ],
49 silly audit report   axios: [
49 silly audit report     {
49 silly audit report       id: 1097679,
49 silly audit report       url: 'https://github.com/advisories/GHSA-wf5p-g6vw-rhxx',
49 silly audit report       title: 'Axios Cross-Site Request Forgery Vulnerability',
49 silly audit report       severity: 'moderate',
49 silly audit report       vulnerable_versions: '>=0.8.1 <0.28.0',
49 silly audit report       cwe: [Array],
49 silly audit report       cvss: [Object]
49 silly audit report     },
49 silly audit report     {
49 silly audit report       id: 1098583,
49 silly audit report       url: 'https://github.com/advisories/GHSA-8hc4-vh64-cxmj',
49 silly audit report       title: 'Server-Side Request Forgery in axios',
49 silly audit report       severity: 'high',
49 silly audit report       vulnerable_versions: '>=1.3.2 <=1.7.3',
49 silly audit report       cwe: [Array],
49 silly audit report       cvss: [Object]
49 silly audit report     }
49 silly audit report   ],
49 silly audit report   request: [
49 silly audit report     {
49 silly audit report       id: 1096727,
49 silly audit report       url: 'https://github.com/advisories/GHSA-p8p7-x288-28g6',
49 silly audit report       title: 'Server-Side Request Forgery in Request',
49 silly audit report       severity: 'moderate',
49 silly audit report       vulnerable_versions: '<=2.88.2',
49 silly audit report       cwe: [Array],
49 silly audit report       cvss: [Object]
49 silly audit report     }
49 silly audit report   ],
49 silly audit report   'cross-spawn': [
49 silly audit report     {
49 silly audit report       id: 1100563,
49 silly audit report       url: 'https://github.com/advisories/GHSA-3xgq-45jj-v275',
49 silly audit report       title: 'Regular Expression Denial of Service (ReDoS) in cross-spawn',
49 silly audit report       severity: 'high',
49 silly audit report       vulnerable_versions: '>=7.0.0 <7.0.5',
49 silly audit report       cwe: [Array],
49 silly audit report       cvss: [Object]
49 silly audit report     }
49 silly audit report   ]
49 silly audit report }
50 silly packumentCache corgi:https://registry.npmjs.org/ws cache-miss
51 silly packumentCache corgi:https://registry.npmjs.org/undici cache-miss
52 silly packumentCache corgi:https://registry.npmjs.org/tough-cookie cache-miss
53 silly packumentCache corgi:https://registry.npmjs.org/axios cache-miss
54 silly packumentCache corgi:https://registry.npmjs.org/request cache-miss
55 silly packumentCache corgi:https://registry.npmjs.org/cross-spawn cache-miss
56 http fetch GET 200 https://registry.npmjs.org/axios 63ms (cache hit)
57 silly packumentCache corgi:https://registry.npmjs.org/axios set size:217819 disposed:false
58 http fetch GET 200 https://registry.npmjs.org/ws 72ms (cache hit)
59 silly packumentCache corgi:https://registry.npmjs.org/ws set size:190597 disposed:false
60 http fetch GET 200 https://registry.npmjs.org/cross-spawn 72ms (cache hit)
61 silly packumentCache corgi:https://registry.npmjs.org/cross-spawn set size:44626 disposed:false
62 http fetch GET 200 https://registry.npmjs.org/request 76ms (cache hit)
63 silly packumentCache corgi:https://registry.npmjs.org/request set size:129997 disposed:false
64 http fetch GET 200 https://registry.npmjs.org/undici 83ms (cache hit)
65 silly packumentCache corgi:https://registry.npmjs.org/undici set size:360908 disposed:false
66 http fetch GET 200 https://registry.npmjs.org/tough-cookie 91ms (cache hit)
67 silly packumentCache corgi:https://registry.npmjs.org/tough-cookie set size:45590 disposed:false
68 silly packumentCache corgi:https://registry.npmjs.org/discord.js cache-miss
69 http fetch GET 200 https://registry.npmjs.org/discord.js 74ms (cache hit)
70 silly packumentCache corgi:https://registry.npmjs.org/discord.js set size:3425281 disposed:false
71 silly packumentCache corgi:https://registry.npmjs.org/@discordjs%2fws cache-miss
72 http fetch GET 200 https://registry.npmjs.org/@discordjs%2fws 117ms (cache hit)
73 silly packumentCache corgi:https://registry.npmjs.org/@discordjs%2fws set size:2165984 disposed:false
74 silly packumentCache corgi:https://registry.npmjs.org/@discordjs%2frest cache-miss
75 http fetch GET 200 https://registry.npmjs.org/@discordjs%2frest 106ms (cache hit)
76 silly packumentCache corgi:https://registry.npmjs.org/@discordjs%2frest set size:2360129 disposed:false
77 silly packumentCache corgi:https://registry.npmjs.org/google-tts-api cache-miss
78 http fetch GET 200 https://registry.npmjs.org/google-tts-api 6ms (cache hit)
79 silly packumentCache corgi:https://registry.npmjs.org/google-tts-api set size:13872 disposed:false
80 silly packumentCache corgi:https://registry.npmjs.org/foreground-child cache-miss
81 http fetch GET 200 https://registry.npmjs.org/foreground-child 5ms (cache hit)
82 silly packumentCache corgi:https://registry.npmjs.org/foreground-child set size:20383 disposed:false
83 silly ADD
84 silly ADD
85 silly ADD
86 silly ADD
87 silly ADD
88 silly ADD
89 silly ADD
90 silly ADD
91 silly ADD
92 silly ADD
93 silly ADD
94 silly ADD
95 silly ADD
96 silly ADD
97 silly ADD
98 silly ADD
99 verbose cwd /home/container
100 verbose os Linux 5.15.104-1-pve
101 verbose node v21.7.3
102 verbose npm  v10.9.0
103 verbose exit 0
104 info ok
